Answer 1: q(2,4) q(1,2) q(4,3) q(3,1)
Answer 2: q(1,3) q(3,4) q(2,1) q(4,2)
Program is tight, no level ranking formula is added.
