color(1,2) color(2,3) color(3,3) color(4,1) color(5,2) color(6,1)

color(2,2) color(1,3) color(3,2) color(4,1) color(5,3) color(6,1)

color(1,2) color(2,1) color(3,1) color(4,3) color(5,2) color(6,3)

color(1,1) color(2,3) color(3,3) color(4,2) color(5,1) color(6,2)

color(2,1) color(1,3) color(3,1) color(4,2) color(5,3) color(6,2)

color(1,1) color(2,2) color(3,2) color(4,3) color(5,1) color(6,3)
