q(2,6) q(1,3) q(4,5) q(3,2) q(6,4) q(5,1)

q(3,6) q(2,4) q(1,2) q(6,5) q(5,3) q(4,1)

q(1,4) q(3,5) q(5,6) q(2,1) q(4,2) q(6,3)

q(1,5) q(4,6) q(2,3) q(5,4) q(3,1) q(6,2)
