cycle(1,3) cycle(4,1) cycle(3,5) cycle(2,4) cycle(6,2) cycle(5,6)
13

cycle(1,4) cycle(4,2) cycle(3,1) cycle(2,5) cycle(6,3) cycle(5,6)
12

cycle(1,2) cycle(4,1) cycle(3,4) cycle(2,5) cycle(6,3) cycle(5,6)
11
